###############################################################################
#
# IAR ELF Linker V2.20.1.176 for STM8                     11/Jun/2017  23:04:52
# Copyright 2010-2015 IAR Systems AB.
#
#    Output file  =  
#        C:\Users\nanol\Desktop\STM8S-Examples\3-EXTI\Debug\Exe\EXTI.out
#    Map file     =  
#        C:\Users\nanol\Desktop\STM8S-Examples\3-EXTI\Debug\List\EXTI.map
#    Command line =  
#        C:\Users\nanol\Desktop\STM8S-Examples\3-EXTI\Debug\Obj\main.o
#        C:\Users\nanol\Desktop\STM8S-Examples\3-EXTI\Debug\Obj\stm8s_clk.o
#        C:\Users\nanol\Desktop\STM8S-Examples\3-EXTI\Debug\Obj\stm8s_exti.o
#        C:\Users\nanol\Desktop\STM8S-Examples\3-EXTI\Debug\Obj\stm8s_gpio.o
#        C:\Users\nanol\Desktop\STM8S-Examples\3-EXTI\Debug\Obj\stm8s_it.o
#        --redirect _Printf=_PrintfSmall --redirect _Scanf=_ScanfSmall -o
#        C:\Users\nanol\Desktop\STM8S-Examples\3-EXTI\Debug\Exe\EXTI.out --map
#        C:\Users\nanol\Desktop\STM8S-Examples\3-EXTI\Debug\List\EXTI.map
#        --config "C:\Program Files (x86)\IAR Systems\Embedded Workbench
#        7.3\stm8\config\lnkstm8s003f3.icf" --config_def _CSTACK_SIZE=0x100
#        --config_def _HEAP_SIZE=0x100 --entry __iar_program_start --debug_lib
#
###############################################################################

*******************************************************************************
*** RUNTIME MODEL ATTRIBUTES
***

__SystemLibrary            = DLib
__code_model               = small
__core                     = stm8
__data_model               = medium
__dlib_file_descriptor     = 0
__dlib_full_locale_support = 0
__rt_version               = 4


*******************************************************************************
*** PLACEMENT SUMMARY
***

"A1":  place at start of [0x000000-0x0000ff] { rw section .vregs };
"A2":  place at end of [0x000000-0x0003ff] { block CSTACK };
"A3":  place at start of [0x008000-0x009fff] { block INTVEC };
"P3":  place in [from 0x008000 to 0x009fff] {
          ro section __DLIB_PERTHREAD_init, ro section .far.data_init,
          ro section .far_func.textrw_init, ro section .huge.data_init,
          ro section .huge_func.textrw_init, ro section .iar.init_table,
          ro section .init_array, ro section .near.data_init,
          ro section .near.rodata, ro section .near_func.text,
          ro section .near_func.textrw_init, ro section .tiny.data_init,
          ro section .tiny.rodata_init };

  Section          Kind      Address   Size  Object
  -------          ----      -------   ----  ------
"A1":                                   0xc
  .vregs           uninit   0x000000    0xc  vregs.o [4]
                          - 0x00000c    0xc

"A2":                                 0x100
  CSTACK                    0x000300  0x100  <Block>
    CSTACK         uninit   0x000300  0x100  <Block tail>
                          - 0x000400  0x100

"A3":                                  0x80
  INTVEC                    0x008000   0x80  <Block>
    .intvec        const    0x008000   0x80  interrupt.o [4]
                          - 0x008080   0x80

"P3":                                 0x591
  .near_func.text  ro code  0x008080  0x114  stm8s_gpio.o [1]
  .near_func.text  ro code  0x008194   0xd1  stm8s_exti.o [1]
  .near_func.text  ro code  0x008265   0xa7  stm8s_clk.o [1]
  .near_func.text  ro code  0x00830c   0x84  vreg_util.o [4]
  .near_func.text  ro code  0x008390   0x56  main.o [1]
  .near.rodata     const    0x0083e6   0x55  stm8s_exti.o [1]
  .near.rodata     const    0x00843b   0x55  stm8s_gpio.o [1]
  .near.rodata     const    0x008490   0x54  stm8s_clk.o [1]
  .near_func.text  ro code  0x0084e4   0x3d  stm8s_clk.o [1]
  .near_func.text  ro code  0x008521   0x36  stm8s_clk.o [1]
  .near_func.text  ro code  0x008557   0x2d  stm8s_exti.o [1]
  .near_func.text  ro code  0x008584   0x1b  main.o [1]
  .near_func.text  ro code  0x00859f   0x17  init.o [4]
  .near_func.text  ro code  0x0085b6   0x14  __dbg_xxexit.o [3]
  .near_func.text  ro code  0x0085ca   0x13  cstartup.o [4]
  .near_func.text  ro code  0x0085dd    0x7  stm8s_gpio.o [1]
  .near_func.text  ro code  0x0085e4    0x6  char.o [4]
  .near_func.text  ro code  0x0085ea    0x5  cexit.o [4]
  .near_func.text  ro code  0x0085ef    0x3  interrupt.o [4]
  .near_func.text  ro code  0x0085f2    0x3  low_level_init.o [4]
  .near_func.text  ro code  0x0085f5    0x3  exit.o [4]
  .near_func.text  ro code  0x0085f8    0x3  unhandled_exception.o [4]
  .near_func.text  ro code  0x0085fb    0x2  main.o [1]
  .near_func.text  ro code  0x0085fd    0x1  stm8s_it.o [1]
  .near_func.text  ro code  0x0085fe    0x1  stm8s_it.o [1]
  .near_func.text  ro code  0x0085ff    0x1  stm8s_it.o [1]
  .near_func.text  ro code  0x008600    0x1  stm8s_it.o [1]
  .near_func.text  ro code  0x008601    0x1  stm8s_it.o [1]
  .near_func.text  ro code  0x008602    0x1  stm8s_it.o [1]
  .near_func.text  ro code  0x008603    0x1  stm8s_it.o [1]
  .near_func.text  ro code  0x008604    0x1  stm8s_it.o [1]
  .near_func.text  ro code  0x008605    0x1  stm8s_it.o [1]
  .near_func.text  ro code  0x008606    0x1  stm8s_it.o [1]
  .near_func.text  ro code  0x008607    0x1  stm8s_it.o [1]
  .near_func.text  ro code  0x008608    0x1  stm8s_it.o [1]
  .near_func.text  ro code  0x008609    0x1  stm8s_it.o [1]
  .near_func.text  ro code  0x00860a    0x1  stm8s_it.o [1]
  .near_func.text  ro code  0x00860b    0x1  stm8s_it.o [1]
  .near_func.text  ro code  0x00860c    0x1  stm8s_it.o [1]
  .near_func.text  ro code  0x00860d    0x1  stm8s_it.o [1]
  .near_func.text  ro code  0x00860e    0x1  stm8s_it.o [1]
  .near_func.text  ro code  0x00860f    0x1  stm8s_it.o [1]
  .near_func.text  ro code  0x008610    0x1  __dbg_break.o [3]
                          - 0x008611  0x591



*******************************************************************************
*** MODULE SUMMARY
***

    Module                 ro code  ro data  rw data
    ------                 -------  -------  -------
C:\Users\nanol\Desktop\STM8S-Examples\3-EXTI\Debug\Obj: [1]
    main.o                     115
    stm8s_clk.o                282       84
    stm8s_exti.o               254       85
    stm8s_gpio.o               283       85
    stm8s_it.o                  19
    ------------------------------------------------
    Total:                     953      254

command line: [2]
    ------------------------------------------------
    Total:

dbgstm8smd.a: [3]
    __dbg_break.o                1
    __dbg_xxexit.o              20
    ------------------------------------------------
    Total:                      21

dlstm8smn.a: [4]
    cexit.o                      5
    char.o                       6
    cstartup.o                  19
    exit.o                       3
    init.o                      23
    interrupt.o                  3      128
    low_level_init.o             3
    unhandled_exception.o        3
    vreg_util.o                132
    vregs.o                                       12
    ------------------------------------------------
    Total:                     197      128       12

    Linker created                               256
----------------------------------------------------
    Grand Total:             1 171      382      268


*******************************************************************************
*** ENTRY LIST
***

Entry                      Address   Size  Type      Object
-----                      -------   ----  ----      ------
?b0                       0x000000         Data  Gb  vregs.o [4]
?b1                       0x000001         Data  Gb  vregs.o [4]
?b10                      0x00000a         Data  Gb  vregs.o [4]
?b11                      0x00000b         Data  Gb  vregs.o [4]
?b2                       0x000002         Data  Gb  vregs.o [4]
?b3                       0x000003         Data  Gb  vregs.o [4]
?b4                       0x000004         Data  Gb  vregs.o [4]
?b5                       0x000005         Data  Gb  vregs.o [4]
?b6                       0x000006         Data  Gb  vregs.o [4]
?b7                       0x000007         Data  Gb  vregs.o [4]
?b8                       0x000008         Data  Gb  vregs.o [4]
?b9                       0x000009         Data  Gb  vregs.o [4]
?e0                       0x000001         Data  Gb  vregs.o [4]
?e1                       0x000005         Data  Gb  vregs.o [4]
?e2                       0x000009         Data  Gb  vregs.o [4]
?epilogue_l2              0x008388         Code  Gb  vreg_util.o [4]
?epilogue_w4              0x00838c         Code  Gb  vreg_util.o [4]
?l0                       0x000000         Data  Gb  vregs.o [4]
?l1                       0x000004         Data  Gb  vregs.o [4]
?l2                       0x000008         Data  Gb  vregs.o [4]
?pop_l0                   0x00835f         Code  Gb  vreg_util.o [4]
?pop_l1                   0x00836a         Code  Gb  vreg_util.o [4]
?pop_l2                   0x008375         Code  Gb  vreg_util.o [4]
?pop_w4                   0x008324         Code  Gb  vreg_util.o [4]
?push_l0                  0x008333         Code  Gb  vreg_util.o [4]
?push_l1                  0x008338         Code  Gb  vreg_util.o [4]
?push_l2                  0x00833d         Code  Gb  vreg_util.o [4]
?push_w4                  0x00830c         Code  Gb  vreg_util.o [4]
?sll8_a_a_5               0x0085e5         Code  Gb  char.o [4]
?sll8_a_a_6               0x0085e4         Code  Gb  char.o [4]
?w0                       0x000000         Data  Gb  vregs.o [4]
?w1                       0x000002         Data  Gb  vregs.o [4]
?w2                       0x000004         Data  Gb  vregs.o [4]
?w3                       0x000006         Data  Gb  vregs.o [4]
?w4                       0x000008         Data  Gb  vregs.o [4]
?w5                       0x00000a         Data  Gb  vregs.o [4]
ADC1_IRQHandler           0x00860d    0x1  Code  Gb  stm8s_it.o [1]
AWU_IRQHandler            0x0085ff    0x1  Code  Gb  stm8s_it.o [1]
CLK_DeInit                0x008521   0x36  Code  Gb  stm8s_clk.o [1]
CLK_GetFlagStatus         0x008265   0xa7  Code  Gb  stm8s_clk.o [1]
CLK_HSIPrescalerConfig    0x0084e4   0x3d  Code  Gb  stm8s_clk.o [1]
CLK_IRQHandler            0x008600    0x1  Code  Gb  stm8s_it.o [1]
CSTACK$$Base              0x000300          --   Gb  - Linker created -
CSTACK$$Limit             0x000400          --   Gb  - Linker created -
EEPROM_EEC_IRQHandler     0x00860f    0x1  Code  Gb  stm8s_it.o [1]
EXTI_PORTA_IRQHandler     0x008601    0x1  Code  Gb  stm8s_it.o [1]
EXTI_PORTB_IRQHandler     0x008602    0x1  Code  Gb  stm8s_it.o [1]
EXTI_PORTC_IRQHandler     0x008603    0x1  Code  Gb  stm8s_it.o [1]
EXTI_PORTD_IRQHandler     0x008584   0x1b  Code  Gb  main.o [1]
EXTI_PORTE_IRQHandler     0x008604    0x1  Code  Gb  stm8s_it.o [1]
EXTI_SetExtIntSensitivity
                          0x008194   0xd1  Code  Gb  stm8s_exti.o [1]
EXTI_SetTLISensitivity    0x008557   0x2d  Code  Gb  stm8s_exti.o [1]
GPIO_Init                 0x008080  0x114  Code  Gb  stm8s_gpio.o [1]
GPIO_WriteReverse         0x0085dd    0x7  Code  Gb  stm8s_gpio.o [1]
I2C_IRQHandler            0x00860c    0x1  Code  Gb  stm8s_it.o [1]
INTVEC$$Base              0x008000          --   Gb  - Linker created -
INTVEC$$Limit             0x008080          --   Gb  - Linker created -
Region$$Table$$Base     0x00000000          --   Gb  - Linker created -
Region$$Table$$Limit    0x00000000          --   Gb  - Linker created -
SPI_IRQHandler            0x008605    0x1  Code  Gb  stm8s_it.o [1]
TIM1_CAP_COM_IRQHandler
                          0x008607    0x1  Code  Gb  stm8s_it.o [1]
TIM1_UPD_OVF_TRG_BRK_IRQHandler
                          0x008606    0x1  Code  Gb  stm8s_it.o [1]
TIM2_CAP_COM_IRQHandler
                          0x008609    0x1  Code  Gb  stm8s_it.o [1]
TIM2_UPD_OVF_BRK_IRQHandler
                          0x008608    0x1  Code  Gb  stm8s_it.o [1]
TIM4_UPD_OVF_IRQHandler
                          0x00860e    0x1  Code  Gb  stm8s_it.o [1]
TLI_IRQHandler            0x0085fe    0x1  Code  Gb  stm8s_it.o [1]
TRAP_IRQHandler           0x0085fd    0x1  Code  Gb  stm8s_it.o [1]
UART1_RX_IRQHandler       0x00860b    0x1  Code  Gb  stm8s_it.o [1]
UART1_TX_IRQHandler       0x00860a    0x1  Code  Gb  stm8s_it.o [1]
__DebugBreak              0x008610    0x1  Code  Gb  __dbg_break.o [3]
__exit                    0x0085b6   0x14  Code  Gb  __dbg_xxexit.o [3]
__iar_data_init2          0x00859f   0x17  Code  Gb  init.o [4]
__iar_program_start       0x0085ca         Code  Gb  cstartup.o [4]
__iar_unhandled_exception
                          0x0085f8         Code  Gb  unhandled_exception.o [4]
__intvec                  0x008000         Data  Gb  interrupt.o [4]
__low_level_init          0x0085f2    0x3  Code  Gb  low_level_init.o [4]
_exit                     0x0085ea         Code  Gb  cexit.o [4]
_interrupt_1              0x0085fd         Code  Gb  stm8s_it.o [1]
_interrupt_12             0x008605         Code  Gb  stm8s_it.o [1]
_interrupt_13             0x008606         Code  Gb  stm8s_it.o [1]
_interrupt_14             0x008607         Code  Gb  stm8s_it.o [1]
_interrupt_15             0x008608         Code  Gb  stm8s_it.o [1]
_interrupt_16             0x008609         Code  Gb  stm8s_it.o [1]
_interrupt_19             0x00860a         Code  Gb  stm8s_it.o [1]
_interrupt_2              0x0085fe         Code  Gb  stm8s_it.o [1]
_interrupt_20             0x00860b         Code  Gb  stm8s_it.o [1]
_interrupt_21             0x00860c         Code  Gb  stm8s_it.o [1]
_interrupt_24             0x00860d         Code  Gb  stm8s_it.o [1]
_interrupt_25             0x00860e         Code  Gb  stm8s_it.o [1]
_interrupt_26             0x00860f         Code  Gb  stm8s_it.o [1]
_interrupt_3              0x0085ff         Code  Gb  stm8s_it.o [1]
_interrupt_4              0x008600         Code  Gb  stm8s_it.o [1]
_interrupt_5              0x008601         Code  Gb  stm8s_it.o [1]
_interrupt_6              0x008602         Code  Gb  stm8s_it.o [1]
_interrupt_7              0x008603         Code  Gb  stm8s_it.o [1]
_interrupt_8              0x008584         Code  Gb  main.o [1]
_interrupt_9              0x008604         Code  Gb  stm8s_it.o [1]
assert_failed             0x0085fb    0x2  Code  Gb  main.o [1]
exit                      0x0085f5    0x3  Code  Gb  exit.o [4]
main                      0x008390   0x56  Code  Gb  main.o [1]


[1] = C:\Users\nanol\Desktop\STM8S-Examples\3-EXTI\Debug\Obj
[2] = command line
[3] = dbgstm8smd.a
[4] = dlstm8smn.a

  1 171 bytes of readonly  code memory
    382 bytes of readonly  data memory
    268 bytes of readwrite data memory

Errors: none
Warnings: none
