###############################################################################
#
# IAR ELF Linker V2.20.1.176 for STM8                     25/Jun/2017  18:20:20
# Copyright 2010-2015 IAR Systems AB.
#
#    Output file  =  
#        C:\Users\nanol\Desktop\STM8S-Examples\2-CLK\Debug\Exe\CLK.out
#    Map file     =  
#        C:\Users\nanol\Desktop\STM8S-Examples\2-CLK\Debug\List\CLK.map
#    Command line =  
#        C:\Users\nanol\Desktop\STM8S-Examples\2-CLK\Debug\Obj\main.o
#        C:\Users\nanol\Desktop\STM8S-Examples\2-CLK\Debug\Obj\stm8s_clk.o
#        C:\Users\nanol\Desktop\STM8S-Examples\2-CLK\Debug\Obj\stm8s_gpio.o
#        --redirect _Printf=_PrintfSmall --redirect _Scanf=_ScanfSmall -o
#        C:\Users\nanol\Desktop\STM8S-Examples\2-CLK\Debug\Exe\CLK.out --map
#        C:\Users\nanol\Desktop\STM8S-Examples\2-CLK\Debug\List\CLK.map
#        --config "C:\Program Files (x86)\IAR Systems\Embedded Workbench
#        7.3\stm8\config\lnkstm8s003f3.icf" --config_def _CSTACK_SIZE=0x100
#        --config_def _HEAP_SIZE=0x100 --entry __iar_program_start --debug_lib
#
###############################################################################

*******************************************************************************
*** RUNTIME MODEL ATTRIBUTES
***

__SystemLibrary            = DLib
__code_model               = small
__core                     = stm8
__data_model               = medium
__dlib_file_descriptor     = 0
__dlib_full_locale_support = 0
__rt_version               = 4


*******************************************************************************
*** PLACEMENT SUMMARY
***

"A1":  place at start of [0x000000-0x0000ff] { rw section .vregs };
"A2":  place at end of [0x000000-0x0003ff] { block CSTACK };
"P2":  place in [from 0x000000 to 0x0003ff] {
          block HEAP, rw section __DLIB_PERTHREAD, rw section .far.bss,
          rw section .far.data, rw section .far.noinit,
          rw section .far_func.textrw, rw section .huge.bss,
          rw section .huge.data, rw section .huge.noinit,
          rw section .huge_func.textrw, rw section .iar.dynexit,
          rw section .near.bss, rw section .near.data, rw section .near.noinit,
          rw section .near_func.textrw };
"A3":  place at start of [0x008000-0x009fff] { block INTVEC };
"P3":  place in [from 0x008000 to 0x009fff] {
          ro section __DLIB_PERTHREAD_init, ro section .far.data_init,
          ro section .far_func.textrw_init, ro section .huge.data_init,
          ro section .huge_func.textrw_init, ro section .iar.init_table,
          ro section .init_array, ro section .near.data_init,
          ro section .near.rodata, ro section .near_func.text,
          ro section .near_func.textrw_init, ro section .tiny.data_init,
          ro section .tiny.rodata_init };

  Section          Kind      Address   Size  Object
  -------          ----      -------   ----  ------
"A1":                                  0x10
  .vregs           uninit   0x000000   0x10  vregs.o [4]
                          - 0x000010   0x10

"P2":                                   0x4
  .near.bss        zero     0x000010    0x4  main.o [1]
                          - 0x000014    0x4

"A2":                                 0x100
  CSTACK                    0x000300  0x100  <Block>
    CSTACK         uninit   0x000300  0x100  <Block tail>
                          - 0x000400  0x100

"A3":                                  0x80
  INTVEC                    0x008000   0x80  <Block>
    .intvec        const    0x008000   0x80  interrupt.o [4]
                          - 0x008080   0x80

"P3":                                 0x64c
  .near_func.text  ro code  0x008080  0x131  stm8s_clk.o [1]
  .near_func.text  ro code  0x0081b1  0x114  stm8s_gpio.o [1]
  .near_func.text  ro code  0x0082c5   0xa7  stm8s_clk.o [1]
  .near_func.text  ro code  0x00836c   0x77  vreg_util.o [4]
  .near_func.text  ro code  0x0083e3   0x72  long.o [4]
  .near_func.text  ro code  0x008455   0x57  stm8s_clk.o [1]
  .near.rodata     const    0x0084ac   0x54  stm8s_gpio.o [1]
  .near.rodata     const    0x008500   0x53  stm8s_clk.o [1]
  .near_func.text  ro code  0x008553   0x36  stm8s_clk.o [1]
  .near_func.text  ro code  0x008589   0x2f  stm8s_clk.o [1]
  .near_func.text  ro code  0x0085b8   0x28  main.o [1]
  .near_func.text  ro code  0x0085e0   0x27  main.o [1]
  .iar.init_table  const    0x008607    0x8  - Linker created -
  .near_func.text  ro code  0x00860f   0x1e  init_small.o [4]
  .near_func.text  ro code  0x00862d   0x1b  stm8s_gpio.o [1]
  .near_func.text  ro code  0x008648   0x1a  long_util.o [4]
  .near_func.text  ro code  0x008662   0x17  init.o [4]
  .near_func.text  ro code  0x008679   0x14  __dbg_xxexit.o [3]
  .near_func.text  ro code  0x00868d   0x13  cstartup.o [4]
  .near_func.text  ro code  0x0086a0    0xd  dc_util.o [4]
  .near_func.text  ro code  0x0086ad    0x7  stm8s_gpio.o [1]
  .near_func.text  ro code  0x0086b4    0x5  cexit.o [4]
  .near.rodata     const    0x0086b9    0x4  stm8s_clk.o [1]
  .near_func.text  ro code  0x0086bd    0x3  interrupt.o [4]
  .near_func.text  ro code  0x0086c0    0x3  low_level_init.o [4]
  .near_func.text  ro code  0x0086c3    0x3  exit.o [4]
  .near_func.text  ro code  0x0086c6    0x3  unhandled_exception.o [4]
  .near_func.text  ro code  0x0086c9    0x2  main.o [1]
  .near_func.text  ro code  0x0086cb    0x1  __dbg_break.o [3]
                          - 0x0086cc  0x64c


*******************************************************************************
*** INIT TABLE
***

          Address   Size
          -------   ----
Zero (__iar_zero_init2)
    1 destination range, total size 0x4:
          0x000010   0x4



*******************************************************************************
*** MODULE SUMMARY
***

    Module                 ro code  ro data  rw data
    ------                 -------  -------  -------
C:\Users\nanol\Desktop\STM8S-Examples\2-CLK\Debug\Obj: [1]
    main.o                      81                 4
    stm8s_clk.o                660       87
    stm8s_gpio.o               310       84
    ------------------------------------------------
    Total:                   1 051      171        4

command line: [2]
    ------------------------------------------------
    Total:

dbgstm8smd.a: [3]
    __dbg_break.o                1
    __dbg_xxexit.o              20
    ------------------------------------------------
    Total:                      21

dlstm8smn.a: [4]
    cexit.o                      5
    cstartup.o                  19
    dc_util.o                   13
    exit.o                       3
    init.o                      23
    init_small.o                30
    interrupt.o                  3      128
    long.o                     114
    long_util.o                 26
    low_level_init.o             3
    unhandled_exception.o        3
    vreg_util.o                119
    vregs.o                                       16
    ------------------------------------------------
    Total:                     361      128       16

    Linker created                        8      256
----------------------------------------------------
    Grand Total:             1 433      307      276


*******************************************************************************
*** ENTRY LIST
***

Entry                    Address   Size  Type      Object
-----                    -------   ----  ----      ------
.iar.init_table$$Base   0x008607          --   Gb  - Linker created -
.iar.init_table$$Limit  0x00860f          --   Gb  - Linker created -
?b0                     0x000000         Data  Gb  vregs.o [4]
?b1                     0x000001         Data  Gb  vregs.o [4]
?b10                    0x00000a         Data  Gb  vregs.o [4]
?b11                    0x00000b         Data  Gb  vregs.o [4]
?b12                    0x00000c         Data  Gb  vregs.o [4]
?b13                    0x00000d         Data  Gb  vregs.o [4]
?b14                    0x00000e         Data  Gb  vregs.o [4]
?b15                    0x00000f         Data  Gb  vregs.o [4]
?b2                     0x000002         Data  Gb  vregs.o [4]
?b3                     0x000003         Data  Gb  vregs.o [4]
?b4                     0x000004         Data  Gb  vregs.o [4]
?b5                     0x000005         Data  Gb  vregs.o [4]
?b6                     0x000006         Data  Gb  vregs.o [4]
?b7                     0x000007         Data  Gb  vregs.o [4]
?b8                     0x000008         Data  Gb  vregs.o [4]
?b9                     0x000009         Data  Gb  vregs.o [4]
?dc32_l0                0x0086a0         Code  Gb  dc_util.o [4]
?e0                     0x000001         Data  Gb  vregs.o [4]
?e1                     0x000005         Data  Gb  vregs.o [4]
?e2                     0x000009         Data  Gb  vregs.o [4]
?e3                     0x00000d         Data  Gb  vregs.o [4]
?epilogue_l2            0x0083d4         Code  Gb  vreg_util.o [4]
?epilogue_l2_w6         0x0083d8         Code  Gb  vreg_util.o [4]
?epilogue_w4            0x0083df         Code  Gb  vreg_util.o [4]
?l0                     0x000000         Data  Gb  vregs.o [4]
?l1                     0x000004         Data  Gb  vregs.o [4]
?l2                     0x000008         Data  Gb  vregs.o [4]
?l3                     0x00000c         Data  Gb  vregs.o [4]
?load32_0x_l0           0x008654         Code  Gb  long_util.o [4]
?load32_l0_0x           0x008648         Code  Gb  long_util.o [4]
?pop_l2                 0x0083c1         Code  Gb  vreg_util.o [4]
?pop_w4                 0x008389         Code  Gb  vreg_util.o [4]
?pop_w6                 0x008390         Code  Gb  vreg_util.o [4]
?push_l2                0x00839f         Code  Gb  vreg_util.o [4]
?push_w4                0x00836c         Code  Gb  vreg_util.o [4]
?push_w6                0x008371         Code  Gb  vreg_util.o [4]
?udiv32_l0_dl_l1        0x0083e3         Code  Gb  long.o [4]
?udiv32_l0_l0_l1        0x0083e8         Code  Gb  long.o [4]
?umod32_l1_l0_l1        0x0083e8         Code  Gb  long.o [4]
?w0                     0x000000         Data  Gb  vregs.o [4]
?w1                     0x000002         Data  Gb  vregs.o [4]
?w2                     0x000004         Data  Gb  vregs.o [4]
?w3                     0x000006         Data  Gb  vregs.o [4]
?w4                     0x000008         Data  Gb  vregs.o [4]
?w5                     0x00000a         Data  Gb  vregs.o [4]
?w6                     0x00000c         Data  Gb  vregs.o [4]
?w7                     0x00000e         Data  Gb  vregs.o [4]
CLKLSIConfig            0x0085e0   0x27  Code  Gb  main.o [1]
CLK_ClockSwitchConfig   0x008080  0x131  Code  Gb  stm8s_clk.o [1]
CLK_DeInit              0x008553   0x36  Code  Gb  stm8s_clk.o [1]
CLK_GetClockFreq        0x008455   0x57  Code  Gb  stm8s_clk.o [1]
CLK_GetFlagStatus       0x0082c5   0xa7  Code  Gb  stm8s_clk.o [1]
CLK_LSICmd              0x008589   0x2f  Code  Gb  stm8s_clk.o [1]
CSTACK$$Base            0x000300          --   Gb  - Linker created -
CSTACK$$Limit           0x000400          --   Gb  - Linker created -
GPIO_DeInit             0x00862d   0x1b  Code  Gb  stm8s_gpio.o [1]
GPIO_Init               0x0081b1  0x114  Code  Gb  stm8s_gpio.o [1]
GPIO_WriteReverse       0x0086ad    0x7  Code  Gb  stm8s_gpio.o [1]
HSIDivFactor            0x0086b9    0x4  Data  Gb  stm8s_clk.o [1]
INTVEC$$Base            0x008000          --   Gb  - Linker created -
INTVEC$$Limit           0x008080          --   Gb  - Linker created -
Region$$Table$$Base     0x008607          --   Gb  - Linker created -
Region$$Table$$Limit    0x00860f          --   Gb  - Linker created -
__DebugBreak            0x0086cb    0x1  Code  Gb  __dbg_break.o [3]
__exit                  0x008679   0x14  Code  Gb  __dbg_xxexit.o [3]
__iar_data_init2        0x008662   0x17  Code  Gb  init.o [4]
__iar_program_start     0x00868d         Code  Gb  cstartup.o [4]
__iar_unhandled_exception
                        0x0086c6         Code  Gb  unhandled_exception.o [4]
__iar_zero_init2        0x00860f         Code  Gb  init_small.o [4]
__intvec                0x008000         Data  Gb  interrupt.o [4]
__low_level_init        0x0086c0    0x3  Code  Gb  low_level_init.o [4]
_exit                   0x0086b4         Code  Gb  cexit.o [4]
assert_failed           0x0086c9    0x2  Code  Gb  main.o [1]
clock                   0x000010    0x4  Data  Gb  main.o [1]
exit                    0x0086c3    0x3  Code  Gb  exit.o [4]
main                    0x0085b8   0x28  Code  Gb  main.o [1]


[1] = C:\Users\nanol\Desktop\STM8S-Examples\2-CLK\Debug\Obj
[2] = command line
[3] = dbgstm8smd.a
[4] = dlstm8smn.a

  1 433 bytes of readonly  code memory
    307 bytes of readonly  data memory
    276 bytes of readwrite data memory

Errors: none
Warnings: none
