###############################################################################
#
# IAR ELF Linker V2.20.1.176 for STM8                     25/Jun/2017  18:21:28
# Copyright 2010-2015 IAR Systems AB.
#
#    Output file  =  
#        C:\Users\nanol\Desktop\STM8S-Examples\4-TIM\Debug\Exe\TIM.out
#    Map file     =  
#        C:\Users\nanol\Desktop\STM8S-Examples\4-TIM\Debug\List\TIM.map
#    Command line =  
#        C:\Users\nanol\Desktop\STM8S-Examples\4-TIM\Debug\Obj\main.o
#        C:\Users\nanol\Desktop\STM8S-Examples\4-TIM\Debug\Obj\stm8s_clk.o
#        C:\Users\nanol\Desktop\STM8S-Examples\4-TIM\Debug\Obj\stm8s_gpio.o
#        C:\Users\nanol\Desktop\STM8S-Examples\4-TIM\Debug\Obj\stm8s_tim4.o
#        --redirect _Printf=_PrintfSmall --redirect _Scanf=_ScanfSmall -o
#        C:\Users\nanol\Desktop\STM8S-Examples\4-TIM\Debug\Exe\TIM.out --map
#        C:\Users\nanol\Desktop\STM8S-Examples\4-TIM\Debug\List\TIM.map
#        --config "C:\Program Files (x86)\IAR Systems\Embedded Workbench
#        7.3\stm8\config\lnkstm8s003f3.icf" --config_def _CSTACK_SIZE=0x100
#        --config_def _HEAP_SIZE=0x100 --entry __iar_program_start --debug_lib
#
###############################################################################

*******************************************************************************
*** RUNTIME MODEL ATTRIBUTES
***

__SystemLibrary            = DLib
__code_model               = small
__core                     = stm8
__data_model               = medium
__dlib_file_descriptor     = 0
__dlib_full_locale_support = 0
__rt_version               = 4


*******************************************************************************
*** PLACEMENT SUMMARY
***

"A1":  place at start of [0x000000-0x0000ff] { rw section .vregs };
"A2":  place at end of [0x000000-0x0003ff] { block CSTACK };
"P2":  place in [from 0x000000 to 0x0003ff] {
          block HEAP, rw section __DLIB_PERTHREAD, rw section .far.bss,
          rw section .far.data, rw section .far.noinit,
          rw section .far_func.textrw, rw section .huge.bss,
          rw section .huge.data, rw section .huge.noinit,
          rw section .huge_func.textrw, rw section .iar.dynexit,
          rw section .near.bss, rw section .near.data, rw section .near.noinit,
          rw section .near_func.textrw };
"A3":  place at start of [0x008000-0x009fff] { block INTVEC };
"P3":  place in [from 0x008000 to 0x009fff] {
          ro section __DLIB_PERTHREAD_init, ro section .far.data_init,
          ro section .far_func.textrw_init, ro section .huge.data_init,
          ro section .huge_func.textrw_init, ro section .iar.init_table,
          ro section .init_array, ro section .near.data_init,
          ro section .near.rodata, ro section .near_func.text,
          ro section .near_func.textrw_init, ro section .tiny.data_init,
          ro section .tiny.rodata_init };

  Section          Kind      Address   Size  Object
  -------          ----      -------   ----  ------
"A1":                                   0xc
  .vregs           uninit   0x000000    0xc  vregs.o [4]
                          - 0x00000c    0xc

"P2":                                   0x2
  .near.bss        zero     0x00000c    0x2  main.o [1]
                          - 0x00000e    0x2

"A2":                                 0x100
  CSTACK                    0x000300  0x100  <Block>
    CSTACK         uninit   0x000300  0x100  <Block tail>
                          - 0x000400  0x100

"A3":                                  0x80
  INTVEC                    0x008000   0x80  <Block>
    .intvec        const    0x008000   0x80  interrupt.o [4]
                          - 0x008080   0x80

"P3":                                 0x589
  .near_func.text  ro code  0x008080  0x114  stm8s_gpio.o [1]
  .near_func.text  ro code  0x008194   0xa7  stm8s_clk.o [1]
  .near_func.text  ro code  0x00823b   0x84  vreg_util.o [4]
  .near.rodata     const    0x0082bf   0x54  stm8s_gpio.o [1]
  .near.rodata     const    0x008313   0x54  stm8s_tim4.o [1]
  .near.rodata     const    0x008367   0x53  stm8s_clk.o [1]
  .near_func.text  ro code  0x0083ba   0x51  stm8s_tim4.o [1]
  .near_func.text  ro code  0x00840b   0x50  stm8s_tim4.o [1]
  .near_func.text  ro code  0x00845b   0x3d  stm8s_clk.o [1]
  .near_func.text  ro code  0x008498   0x36  stm8s_clk.o [1]
  .near_func.text  ro code  0x0084ce   0x2f  stm8s_tim4.o [1]
  .near_func.text  ro code  0x0084fd   0x2a  main.o [1]
  .near_func.text  ro code  0x008527   0x24  stm8s_tim4.o [1]
  .near_func.text  ro code  0x00854b   0x22  main.o [1]
  .iar.init_table  const    0x00856d    0x8  - Linker created -
  .near_func.text  ro code  0x008575   0x1e  init_small.o [4]
  .near_func.text  ro code  0x008593   0x1d  main.o [1]
  .near_func.text  ro code  0x0085b0   0x17  init.o [4]
  .near_func.text  ro code  0x0085c7   0x14  __dbg_xxexit.o [3]
  .near_func.text  ro code  0x0085db   0x13  cstartup.o [4]
  .near_func.text  ro code  0x0085ee    0x7  stm8s_gpio.o [1]
  .near_func.text  ro code  0x0085f5    0x5  cexit.o [4]
  .near_func.text  ro code  0x0085fa    0x3  interrupt.o [4]
  .near_func.text  ro code  0x0085fd    0x3  low_level_init.o [4]
  .near_func.text  ro code  0x008600    0x3  exit.o [4]
  .near_func.text  ro code  0x008603    0x3  unhandled_exception.o [4]
  .near_func.text  ro code  0x008606    0x2  main.o [1]
  .near_func.text  ro code  0x008608    0x1  __dbg_break.o [3]
                          - 0x008609  0x589


*******************************************************************************
*** INIT TABLE
***

          Address   Size
          -------   ----
Zero (__iar_zero_init2)
    1 destination range, total size 0x2:
          0x00000c   0x2



*******************************************************************************
*** MODULE SUMMARY
***

    Module                 ro code  ro data  rw data
    ------                 -------  -------  -------
C:\Users\nanol\Desktop\STM8S-Examples\4-TIM\Debug\Obj: [1]
    main.o                     107                 2
    stm8s_clk.o                282       83
    stm8s_gpio.o               283       84
    stm8s_tim4.o               244       84
    ------------------------------------------------
    Total:                     916      251        2

command line: [2]
    ------------------------------------------------
    Total:

dbgstm8smd.a: [3]
    __dbg_break.o                1
    __dbg_xxexit.o              20
    ------------------------------------------------
    Total:                      21

dlstm8smn.a: [4]
    cexit.o                      5
    cstartup.o                  19
    exit.o                       3
    init.o                      23
    init_small.o                30
    interrupt.o                  3      128
    low_level_init.o             3
    unhandled_exception.o        3
    vreg_util.o                132
    vregs.o                                       12
    ------------------------------------------------
    Total:                     221      128       12

    Linker created                        8      256
----------------------------------------------------
    Grand Total:             1 158      387      270


*******************************************************************************
*** ENTRY LIST
***

Entry                    Address   Size  Type      Object
-----                    -------   ----  ----      ------
.iar.init_table$$Base   0x00856d          --   Gb  - Linker created -
.iar.init_table$$Limit  0x008575          --   Gb  - Linker created -
?b0                     0x000000         Data  Gb  vregs.o [4]
?b1                     0x000001         Data  Gb  vregs.o [4]
?b10                    0x00000a         Data  Gb  vregs.o [4]
?b11                    0x00000b         Data  Gb  vregs.o [4]
?b2                     0x000002         Data  Gb  vregs.o [4]
?b3                     0x000003         Data  Gb  vregs.o [4]
?b4                     0x000004         Data  Gb  vregs.o [4]
?b5                     0x000005         Data  Gb  vregs.o [4]
?b6                     0x000006         Data  Gb  vregs.o [4]
?b7                     0x000007         Data  Gb  vregs.o [4]
?b8                     0x000008         Data  Gb  vregs.o [4]
?b9                     0x000009         Data  Gb  vregs.o [4]
?e0                     0x000001         Data  Gb  vregs.o [4]
?e1                     0x000005         Data  Gb  vregs.o [4]
?e2                     0x000009         Data  Gb  vregs.o [4]
?epilogue_l2            0x0082b7         Code  Gb  vreg_util.o [4]
?epilogue_w4            0x0082bb         Code  Gb  vreg_util.o [4]
?l0                     0x000000         Data  Gb  vregs.o [4]
?l1                     0x000004         Data  Gb  vregs.o [4]
?l2                     0x000008         Data  Gb  vregs.o [4]
?pop_l0                 0x00828e         Code  Gb  vreg_util.o [4]
?pop_l1                 0x008299         Code  Gb  vreg_util.o [4]
?pop_l2                 0x0082a4         Code  Gb  vreg_util.o [4]
?pop_w4                 0x008253         Code  Gb  vreg_util.o [4]
?push_l0                0x008262         Code  Gb  vreg_util.o [4]
?push_l1                0x008267         Code  Gb  vreg_util.o [4]
?push_l2                0x00826c         Code  Gb  vreg_util.o [4]
?push_w4                0x00823b         Code  Gb  vreg_util.o [4]
?w0                     0x000000         Data  Gb  vregs.o [4]
?w1                     0x000002         Data  Gb  vregs.o [4]
?w2                     0x000004         Data  Gb  vregs.o [4]
?w3                     0x000006         Data  Gb  vregs.o [4]
?w4                     0x000008         Data  Gb  vregs.o [4]
?w5                     0x00000a         Data  Gb  vregs.o [4]
CLK_DeInit              0x008498   0x36  Code  Gb  stm8s_clk.o [1]
CLK_GetFlagStatus       0x008194   0xa7  Code  Gb  stm8s_clk.o [1]
CLK_HSIPrescalerConfig  0x00845b   0x3d  Code  Gb  stm8s_clk.o [1]
CSTACK$$Base            0x000300          --   Gb  - Linker created -
CSTACK$$Limit           0x000400          --   Gb  - Linker created -
GPIO_Init               0x008080  0x114  Code  Gb  stm8s_gpio.o [1]
GPIO_WriteReverse       0x0085ee    0x7  Code  Gb  stm8s_gpio.o [1]
INTVEC$$Base            0x008000          --   Gb  - Linker created -
INTVEC$$Limit           0x008080          --   Gb  - Linker created -
Region$$Table$$Base     0x00856d          --   Gb  - Linker created -
Region$$Table$$Limit    0x008575          --   Gb  - Linker created -
TIM4_ClearFlag          0x008527   0x24  Code  Gb  stm8s_tim4.o [1]
TIM4_Cmd                0x0084ce   0x2f  Code  Gb  stm8s_tim4.o [1]
TIM4_Config             0x008593   0x1d  Code  Lc  main.o [1]
TIM4_ITConfig           0x00840b   0x50  Code  Gb  stm8s_tim4.o [1]
TIM4_TimeBaseInit       0x0083ba   0x51  Code  Gb  stm8s_tim4.o [1]
TIM4_UPD_OVF_IRQHandler
                        0x0084fd   0x2a  Code  Gb  main.o [1]
__DebugBreak            0x008608    0x1  Code  Gb  __dbg_break.o [3]
__exit                  0x0085c7   0x14  Code  Gb  __dbg_xxexit.o [3]
__iar_data_init2        0x0085b0   0x17  Code  Gb  init.o [4]
__iar_program_start     0x0085db         Code  Gb  cstartup.o [4]
__iar_unhandled_exception
                        0x008603         Code  Gb  unhandled_exception.o [4]
__iar_zero_init2        0x008575         Code  Gb  init_small.o [4]
__intvec                0x008000         Data  Gb  interrupt.o [4]
__low_level_init        0x0085fd    0x3  Code  Gb  low_level_init.o [4]
_exit                   0x0085f5         Code  Gb  cexit.o [4]
_interrupt_25           0x0084fd         Code  Gb  main.o [1]
assert_failed           0x008606    0x2  Code  Gb  main.o [1]
count                   0x00000c    0x2  Data  Gb  main.o [1]
exit                    0x008600    0x3  Code  Gb  exit.o [4]
main                    0x00854b   0x22  Code  Gb  main.o [1]


[1] = C:\Users\nanol\Desktop\STM8S-Examples\4-TIM\Debug\Obj
[2] = command line
[3] = dbgstm8smd.a
[4] = dlstm8smn.a

  1 158 bytes of readonly  code memory
    387 bytes of readonly  data memory
    270 bytes of readwrite data memory

Errors: none
Warnings: none
