###############################################################################
#
# IAR ELF Linker V2.20.1.176 for STM8                     25/Jun/2017  18:47:41
# Copyright 2010-2015 IAR Systems AB.
#
#    Output file  =  
#        C:\Users\nanol\Desktop\STM8S-Examples\4-ITC\Debug\Exe\ITC.out
#    Map file     =  
#        C:\Users\nanol\Desktop\STM8S-Examples\4-ITC\Debug\List\ITC.map
#    Command line =  
#        C:\Users\nanol\Desktop\STM8S-Examples\4-ITC\Debug\Obj\main.o
#        C:\Users\nanol\Desktop\STM8S-Examples\4-ITC\Debug\Obj\stm8s_clk.o
#        C:\Users\nanol\Desktop\STM8S-Examples\4-ITC\Debug\Obj\stm8s_exti.o
#        C:\Users\nanol\Desktop\STM8S-Examples\4-ITC\Debug\Obj\stm8s_gpio.o
#        C:\Users\nanol\Desktop\STM8S-Examples\4-ITC\Debug\Obj\stm8s_it.o
#        C:\Users\nanol\Desktop\STM8S-Examples\4-ITC\Debug\Obj\stm8s_itc.o
#        --redirect _Printf=_PrintfSmall --redirect _Scanf=_ScanfSmall -o
#        C:\Users\nanol\Desktop\STM8S-Examples\4-ITC\Debug\Exe\ITC.out --map
#        C:\Users\nanol\Desktop\STM8S-Examples\4-ITC\Debug\List\ITC.map
#        --config "C:\Program Files (x86)\IAR Systems\Embedded Workbench
#        7.3\stm8\config\lnkstm8s003f3.icf" --config_def _CSTACK_SIZE=0x100
#        --config_def _HEAP_SIZE=0x100 --entry __iar_program_start --debug_lib
#
###############################################################################

*******************************************************************************
*** RUNTIME MODEL ATTRIBUTES
***

__SystemLibrary            = DLib
__code_model               = small
__core                     = stm8
__data_model               = medium
__dlib_file_descriptor     = 0
__dlib_full_locale_support = 0
__rt_version               = 4


*******************************************************************************
*** PLACEMENT SUMMARY
***

"A1":  place at start of [0x000000-0x0000ff] { rw section .vregs };
"A2":  place at end of [0x000000-0x0003ff] { block CSTACK };
"A3":  place at start of [0x008000-0x009fff] { block INTVEC };
"P3":  place in [from 0x008000 to 0x009fff] {
          ro section __DLIB_PERTHREAD_init, ro section .far.data_init,
          ro section .far_func.textrw_init, ro section .huge.data_init,
          ro section .huge_func.textrw_init, ro section .iar.init_table,
          ro section .init_array, ro section .near.data_init,
          ro section .near.rodata, ro section .near_func.text,
          ro section .near_func.textrw_init, ro section .tiny.data_init,
          ro section .tiny.rodata_init };

  Section          Kind      Address   Size  Object
  -------          ----      -------   ----  ------
"A1":                                   0xc
  .vregs           uninit   0x000000    0xc  vregs.o [4]
                          - 0x00000c    0xc

"A2":                                 0x100
  CSTACK                    0x000300  0x100  <Block>
    CSTACK         uninit   0x000300  0x100  <Block tail>
                          - 0x000400  0x100

"A3":                                  0x80
  INTVEC                    0x008000   0x80  <Block>
    .intvec        const    0x008000   0x80  interrupt.o [4]
                          - 0x008080   0x80

"P3":                                 0x7b0
  .near_func.text  ro code  0x008080  0x162  stm8s_itc.o [1]
  .near_func.text  ro code  0x0081e2  0x114  stm8s_gpio.o [1]
  .near_func.text  ro code  0x0082f6   0xd1  stm8s_exti.o [1]
  .near_func.text  ro code  0x0083c7   0xa7  stm8s_clk.o [1]
  .near_func.text  ro code  0x00846e   0x84  vreg_util.o [4]
  .near_func.text  ro code  0x0084f2   0x76  main.o [1]
  .near.rodata     const    0x008568   0x54  stm8s_exti.o [1]
  .near.rodata     const    0x0085bc   0x54  stm8s_gpio.o [1]
  .near.rodata     const    0x008610   0x53  stm8s_clk.o [1]
  .near.rodata     const    0x008663   0x53  stm8s_itc.o [1]
  .near_func.text  ro code  0x0086b6   0x3d  stm8s_clk.o [1]
  .near_func.text  ro code  0x0086f3   0x36  stm8s_clk.o [1]
  .near_func.text  ro code  0x008729   0x27  stm8s_it.o [1]
  .near_func.text  ro code  0x008750   0x27  stm8s_it.o [1]
  .near_func.text  ro code  0x008777   0x17  init.o [4]
  .near_func.text  ro code  0x00878e   0x14  __dbg_xxexit.o [3]
  .near_func.text  ro code  0x0087a2   0x13  cstartup.o [4]
  .near_func.text  ro code  0x0087b5   0x13  long.o [4]
  .near_func.text  ro code  0x0087c8   0x10  main.o [1]
  .near_func.text  ro code  0x0087d8    0x9  stm8s_gpio.o [1]
  .near_func.text  ro code  0x0087e1    0x8  short.o [4]
  .near_func.text  ro code  0x0087e9    0x7  stm8s_gpio.o [1]
  .near_func.text  ro code  0x0087f0    0x7  stm8s_gpio.o [1]
  .near_func.text  ro code  0x0087f7    0x6  stm8s_itc.o [1]
  .near_func.text  ro code  0x0087fd    0x6  char.o [4]
  .near_func.text  ro code  0x008803    0x5  cexit.o [4]
  .near_func.text  ro code  0x008808    0x4  stm8s_gpio.o [1]
  .near_func.text  ro code  0x00880c    0x3  stm8s_itc.o [1]
  .near_func.text  ro code  0x00880f    0x3  interrupt.o [4]
  .near_func.text  ro code  0x008812    0x3  low_level_init.o [4]
  .near_func.text  ro code  0x008815    0x3  exit.o [4]
  .near_func.text  ro code  0x008818    0x3  unhandled_exception.o [4]
  .near_func.text  ro code  0x00881b    0x2  main.o [1]
  .near_func.text  ro code  0x00881d    0x1  stm8s_it.o [1]
  .near_func.text  ro code  0x00881e    0x1  stm8s_it.o [1]
  .near_func.text  ro code  0x00881f    0x1  stm8s_it.o [1]
  .near_func.text  ro code  0x008820    0x1  stm8s_it.o [1]
  .near_func.text  ro code  0x008821    0x1  stm8s_it.o [1]
  .near_func.text  ro code  0x008822    0x1  stm8s_it.o [1]
  .near_func.text  ro code  0x008823    0x1  stm8s_it.o [1]
  .near_func.text  ro code  0x008824    0x1  stm8s_it.o [1]
  .near_func.text  ro code  0x008825    0x1  stm8s_it.o [1]
  .near_func.text  ro code  0x008826    0x1  stm8s_it.o [1]
  .near_func.text  ro code  0x008827    0x1  stm8s_it.o [1]
  .near_func.text  ro code  0x008828    0x1  stm8s_it.o [1]
  .near_func.text  ro code  0x008829    0x1  stm8s_it.o [1]
  .near_func.text  ro code  0x00882a    0x1  stm8s_it.o [1]
  .near_func.text  ro code  0x00882b    0x1  stm8s_it.o [1]
  .near_func.text  ro code  0x00882c    0x1  stm8s_it.o [1]
  .near_func.text  ro code  0x00882d    0x1  stm8s_it.o [1]
  .near_func.text  ro code  0x00882e    0x1  stm8s_it.o [1]
  .near_func.text  ro code  0x00882f    0x1  __dbg_break.o [3]
                          - 0x008830  0x7b0



*******************************************************************************
*** MODULE SUMMARY
***

    Module                 ro code  ro data  rw data
    ------                 -------  -------  -------
C:\Users\nanol\Desktop\STM8S-Examples\4-ITC\Debug\Obj: [1]
    main.o                     136
    stm8s_clk.o                282       83
    stm8s_exti.o               209       84
    stm8s_gpio.o               303       84
    stm8s_it.o                  96
    stm8s_itc.o                363       83
    ------------------------------------------------
    Total:                   1 389      334

command line: [2]
    ------------------------------------------------
    Total:

dbgstm8smd.a: [3]
    __dbg_break.o                1
    __dbg_xxexit.o              20
    ------------------------------------------------
    Total:                      21

dlstm8smn.a: [4]
    cexit.o                      5
    char.o                       6
    cstartup.o                  19
    exit.o                       3
    init.o                      23
    interrupt.o                  3      128
    long.o                      19
    low_level_init.o             3
    short.o                      8
    unhandled_exception.o        3
    vreg_util.o                132
    vregs.o                                       12
    ------------------------------------------------
    Total:                     224      128       12

    Linker created                               256
----------------------------------------------------
    Grand Total:             1 634      462      268


*******************************************************************************
*** ENTRY LIST
***

Entry                      Address   Size  Type      Object
-----                      -------   ----  ----      ------
?b0                       0x000000         Data  Gb  vregs.o [4]
?b1                       0x000001         Data  Gb  vregs.o [4]
?b10                      0x00000a         Data  Gb  vregs.o [4]
?b11                      0x00000b         Data  Gb  vregs.o [4]
?b2                       0x000002         Data  Gb  vregs.o [4]
?b3                       0x000003         Data  Gb  vregs.o [4]
?b4                       0x000004         Data  Gb  vregs.o [4]
?b5                       0x000005         Data  Gb  vregs.o [4]
?b6                       0x000006         Data  Gb  vregs.o [4]
?b7                       0x000007         Data  Gb  vregs.o [4]
?b8                       0x000008         Data  Gb  vregs.o [4]
?b9                       0x000009         Data  Gb  vregs.o [4]
?e0                       0x000001         Data  Gb  vregs.o [4]
?e1                       0x000005         Data  Gb  vregs.o [4]
?e2                       0x000009         Data  Gb  vregs.o [4]
?epilogue_l2              0x0084ea         Code  Gb  vreg_util.o [4]
?epilogue_w4              0x0084ee         Code  Gb  vreg_util.o [4]
?inc32_0x_0x              0x0087ba         Code  Gb  long.o [4]
?inc32_l0_l0              0x0087b5         Code  Gb  long.o [4]
?l0                       0x000000         Data  Gb  vregs.o [4]
?l1                       0x000004         Data  Gb  vregs.o [4]
?l2                       0x000008         Data  Gb  vregs.o [4]
?pop_l0                   0x0084c1         Code  Gb  vreg_util.o [4]
?pop_l1                   0x0084cc         Code  Gb  vreg_util.o [4]
?pop_l2                   0x0084d7         Code  Gb  vreg_util.o [4]
?pop_w4                   0x008486         Code  Gb  vreg_util.o [4]
?push_l0                  0x008495         Code  Gb  vreg_util.o [4]
?push_l1                  0x00849a         Code  Gb  vreg_util.o [4]
?push_l2                  0x00849f         Code  Gb  vreg_util.o [4]
?push_w4                  0x00846e         Code  Gb  vreg_util.o [4]
?sll16_x_x_a              0x0087e1         Code  Gb  short.o [4]
?sll8_a_a_5               0x0087fe         Code  Gb  char.o [4]
?sll8_a_a_6               0x0087fd         Code  Gb  char.o [4]
?w0                       0x000000         Data  Gb  vregs.o [4]
?w1                       0x000002         Data  Gb  vregs.o [4]
?w2                       0x000004         Data  Gb  vregs.o [4]
?w3                       0x000006         Data  Gb  vregs.o [4]
?w4                       0x000008         Data  Gb  vregs.o [4]
?w5                       0x00000a         Data  Gb  vregs.o [4]
ADC1_IRQHandler           0x00882c    0x1  Code  Gb  stm8s_it.o [1]
AWU_IRQHandler            0x00881f    0x1  Code  Gb  stm8s_it.o [1]
CLK_DeInit                0x0086f3   0x36  Code  Gb  stm8s_clk.o [1]
CLK_GetFlagStatus         0x0083c7   0xa7  Code  Gb  stm8s_clk.o [1]
CLK_HSIPrescalerConfig    0x0086b6   0x3d  Code  Gb  stm8s_clk.o [1]
CLK_IRQHandler            0x008820    0x1  Code  Gb  stm8s_it.o [1]
CSTACK$$Base              0x000300          --   Gb  - Linker created -
CSTACK$$Limit             0x000400          --   Gb  - Linker created -
EEPROM_EEC_IRQHandler     0x00882e    0x1  Code  Gb  stm8s_it.o [1]
EXTI_PORTA_IRQHandler     0x008729   0x27  Code  Gb  stm8s_it.o [1]
EXTI_PORTB_IRQHandler     0x008821    0x1  Code  Gb  stm8s_it.o [1]
EXTI_PORTC_IRQHandler     0x008822    0x1  Code  Gb  stm8s_it.o [1]
EXTI_PORTD_IRQHandler     0x008750   0x27  Code  Gb  stm8s_it.o [1]
EXTI_PORTE_IRQHandler     0x008823    0x1  Code  Gb  stm8s_it.o [1]
EXTI_SetExtIntSensitivity
                          0x0082f6   0xd1  Code  Gb  stm8s_exti.o [1]
GPIO_Init                 0x0081e2  0x114  Code  Gb  stm8s_gpio.o [1]
GPIO_ReadInputPin         0x0087d8    0x9  Code  Gb  stm8s_gpio.o [1]
GPIO_WriteHigh            0x0087e9    0x7  Code  Gb  stm8s_gpio.o [1]
GPIO_WriteLow             0x008808    0x4  Code  Gb  stm8s_gpio.o [1]
GPIO_WriteReverse         0x0087f0    0x7  Code  Gb  stm8s_gpio.o [1]
I2C_IRQHandler            0x00882b    0x1  Code  Gb  stm8s_it.o [1]
INTVEC$$Base              0x008000          --   Gb  - Linker created -
INTVEC$$Limit             0x008080          --   Gb  - Linker created -
ITC_GetCPUCC              0x00880c    0x3  Code  Gb  stm8s_itc.o [1]
ITC_GetSoftIntStatus      0x0087f7    0x6  Code  Gb  stm8s_itc.o [1]
ITC_SetSoftwarePriority
                          0x008080  0x162  Code  Gb  stm8s_itc.o [1]
Region$$Table$$Base     0x00000000          --   Gb  - Linker created -
Region$$Table$$Limit    0x00000000          --   Gb  - Linker created -
SPI_IRQHandler            0x008824    0x1  Code  Gb  stm8s_it.o [1]
SoftwarePriority          0x0087c8   0x10  Code  Lc  main.o [1]
TIM1_CAP_COM_IRQHandler
                          0x008826    0x1  Code  Gb  stm8s_it.o [1]
TIM1_UPD_OVF_TRG_BRK_IRQHandler
                          0x008825    0x1  Code  Gb  stm8s_it.o [1]
TIM2_CAP_COM_IRQHandler
                          0x008828    0x1  Code  Gb  stm8s_it.o [1]
TIM2_UPD_OVF_BRK_IRQHandler
                          0x008827    0x1  Code  Gb  stm8s_it.o [1]
TIM4_UPD_OVF_IRQHandler
                          0x00882d    0x1  Code  Gb  stm8s_it.o [1]
TLI_IRQHandler            0x00881e    0x1  Code  Gb  stm8s_it.o [1]
TRAP_IRQHandler           0x00881d    0x1  Code  Gb  stm8s_it.o [1]
UART1_RX_IRQHandler       0x00882a    0x1  Code  Gb  stm8s_it.o [1]
UART1_TX_IRQHandler       0x008829    0x1  Code  Gb  stm8s_it.o [1]
__DebugBreak              0x00882f    0x1  Code  Gb  __dbg_break.o [3]
__exit                    0x00878e   0x14  Code  Gb  __dbg_xxexit.o [3]
__iar_data_init2          0x008777   0x17  Code  Gb  init.o [4]
__iar_program_start       0x0087a2         Code  Gb  cstartup.o [4]
__iar_unhandled_exception
                          0x008818         Code  Gb  unhandled_exception.o [4]
__intvec                  0x008000         Data  Gb  interrupt.o [4]
__low_level_init          0x008812    0x3  Code  Gb  low_level_init.o [4]
_exit                     0x008803         Code  Gb  cexit.o [4]
_interrupt_1              0x00881d         Code  Gb  stm8s_it.o [1]
_interrupt_12             0x008824         Code  Gb  stm8s_it.o [1]
_interrupt_13             0x008825         Code  Gb  stm8s_it.o [1]
_interrupt_14             0x008826         Code  Gb  stm8s_it.o [1]
_interrupt_15             0x008827         Code  Gb  stm8s_it.o [1]
_interrupt_16             0x008828         Code  Gb  stm8s_it.o [1]
_interrupt_19             0x008829         Code  Gb  stm8s_it.o [1]
_interrupt_2              0x00881e         Code  Gb  stm8s_it.o [1]
_interrupt_20             0x00882a         Code  Gb  stm8s_it.o [1]
_interrupt_21             0x00882b         Code  Gb  stm8s_it.o [1]
_interrupt_24             0x00882c         Code  Gb  stm8s_it.o [1]
_interrupt_25             0x00882d         Code  Gb  stm8s_it.o [1]
_interrupt_26             0x00882e         Code  Gb  stm8s_it.o [1]
_interrupt_3              0x00881f         Code  Gb  stm8s_it.o [1]
_interrupt_4              0x008820         Code  Gb  stm8s_it.o [1]
_interrupt_5              0x008729         Code  Gb  stm8s_it.o [1]
_interrupt_6              0x008821         Code  Gb  stm8s_it.o [1]
_interrupt_7              0x008822         Code  Gb  stm8s_it.o [1]
_interrupt_8              0x008750         Code  Gb  stm8s_it.o [1]
_interrupt_9              0x008823         Code  Gb  stm8s_it.o [1]
assert_failed             0x00881b    0x2  Code  Gb  main.o [1]
exit                      0x008815    0x3  Code  Gb  exit.o [4]
main                      0x0084f2   0x76  Code  Gb  main.o [1]


[1] = C:\Users\nanol\Desktop\STM8S-Examples\4-ITC\Debug\Obj
[2] = command line
[3] = dbgstm8smd.a
[4] = dlstm8smn.a

  1 634 bytes of readonly  code memory
    462 bytes of readonly  data memory
    268 bytes of readwrite data memory

Errors: none
Warnings: none
